// Jest Snapshot v1, https://goo.gl/fbAQLP

exports[`Header matches snapshot 1`] = `
<DocumentFragment>
  <header
    class="flex justify-between items-center px-4 h-16 bg-gray-200"
  >
    <div
      class="text-2xl font-bold"
    >
      Next.js Boilerplate
    </div>
    <div>
      <select>
        <option
          value="en"
        >
          english
        </option>
        <option
          value="de"
        >
          german
        </option>
      </select>
    </div>
  </header>
</DocumentFragment>
`;
